Pick a number between 1 and 10.
You entered an illegal value of 0. Please try again.
Pick a number between 1 and 10.
You picked 2.
