Pick a number between 1 and 10.
You entered an illegal value of 67. Please try again.
Pick a number between 1 and 10.
You entered an illegal value of -4. Please try again.
Pick a number between 1 and 10.
You picked 6.
