Pick a number between 1 and 10.
Non-integer value. You entered something after 3.
Pick a number between 1 and 10.
You picked 3.
