Pick a number between 1 and 10.
This is not an integer. Please enter a number.
Pick a number between 1 and 10.
You picked 9.
